###############################################################################
#
# IAR ELF Linker V7.70.1.11437/W32 for ARM                06/Nov/2025  12:38:03
# Copyright 2007-2016 IAR Systems AB.
#
#    Output file  =  C:\IAR_projects\IAR_AI\Lmarena\Debug\Exe\LM_gemini_gpt.out
#    Map file     =  
#        C:\IAR_projects\IAR_AI\Lmarena\Debug\List\LM_gemini_gpt.map
#    Command line =  
#        C:\IAR_projects\IAR_AI\Lmarena\Debug\Obj\main.o
#        C:\IAR_projects\IAR_AI\Lmarena\Debug\Obj\mcp4726.o
#        C:\IAR_projects\IAR_AI\Lmarena\Debug\Obj\startup.o -o
#        C:\IAR_projects\IAR_AI\Lmarena\Debug\Exe\LM_gemini_gpt.out --redirect
#        _Printf=_PrintfFull --redirect _Scanf=_ScanfFull --map
#        C:\IAR_projects\IAR_AI\Lmarena\Debug\List\LM_gemini_gpt.map --config
#        C:\IAR_projects\IAR_AI\Lmarena\flash.icf --semihosting --entry
#        __iar_program_start --vfe
#
###############################################################################

*******************************************************************************
*** RUNTIME MODEL ATTRIBUTES
***

CppFlavor       = *
__SystemLibrary = DLib


*******************************************************************************
*** PLACEMENT SUMMARY
***

"A0":  place at 0x00100000 { section .intvec };
"P2":  place in [from 0x00100100 to 0x0013ffff] { ro };
"P3":  place in [from 0x00200000 to 0x0020ffff] {
          rw, block IRQ_STACK, block SVC_STACK, block CSTACK, block HEAP };
initialize by copy { rw };

  Section            Kind        Address    Size  Object
  -------            ----        -------    ----  ------
"A0":                                       0x3c
  .intvec            ro code  0x00100000    0x3c  startup.o [1]
                            - 0x0010003c    0x3c

"P2":                                      0x9e7
  Veneer             ro code  0x00100100     0xc  - Linker created -
  .text              ro code  0x0010010c   0x3d4  main.o [1]
  Veneer             ro code  0x001004e0     0x4  - Linker created -
  .text              ro code  0x001004e4   0x1a4  I32DivMod.o [4]
  .text              ro code  0x00100688   0x1e4  mcp4726.o [1]
  Veneer             ro code  0x0010086c     0x4  - Linker created -
  .text              ro code  0x00100870    0x10  main.o [1]
  .text              ro code  0x00100880     0x4  IntDivZer.o [4]
  .text              ro code  0x00100884    0xe4  startup.o [1]
  Veneer             ro code  0x00100968     0xc  - Linker created -
  Veneer             ro code  0x00100974     0xc  - Linker created -
  Veneer             ro code  0x00100980     0xc  - Linker created -
  Veneer             ro code  0x0010098c     0xc  - Linker created -
  .text              ro code  0x00100998    0x2c  cmain.o [4]
  .text              ro code  0x001009c4     0x4  low_level_init.o [3]
  .text              ro code  0x001009c8    0x32  data_init.o [4]
  .text              ro code  0x001009fa     0xa  exit.o [3]
  .text              ro code  0x00100a04    0x20  exit.o [5]
  Veneer             ro code  0x00100a24     0x4  - Linker created -
  .text              ro code  0x00100a28    0x10  cexit.o [4]
  .text              ro code  0x00100a38    0x40  packbits_init_single.o [4]
  .text              ro code  0x00100a78    0x3c  zero_init3.o [4]
  .iar.init_table    const    0x00100ab4    0x20  - Linker created -
  .text              ro code  0x00100ad4     0x4  vectortrap.o [4]
  .text              ro code  0x00100ad8     0x4  xreturnswi.o [5]
  .rodata            const    0x00100adc     0x0  zero_init3.o [4]
  .rodata            const    0x00100adc     0x0  packbits_init_single.o [4]
  Initializer bytes  const    0x00100adc     0xb  <for P3-1>
                            - 0x00100ae7   0x9e7

"P3", part 1 of 3:                          0x20
  P3-1                        0x00200000    0x20  <Init block>
    .data            inited   0x00200000    0x18  main.o [1]
    .data            inited   0x00200018     0x4  mcp4726.o [1]
    .data            inited   0x0020001c     0x2  mcp4726.o [1]
    .data            inited   0x0020001e     0x2  mcp4726.o [1]
                            - 0x00200020    0x20

"P3", part 2 of 3:                        0x1800
  IRQ_STACK                   0x00200020   0x800  <Block>
    IRQ_STACK        uninit   0x00200020   0x800  <Block tail>
  CSTACK                      0x00200820  0x1000  <Block>
    CSTACK           uninit   0x00200820  0x1000  <Block tail>
                            - 0x00201820  0x1800

"P3", part 3 of 3:                         0x200
  .bss               zero     0x00201820   0x1f4  main.o [1]
  .bss               zero     0x00201a14     0x8  main.o [1]
  .bss               zero     0x00201a1c     0x2  main.o [1]
                            - 0x00201a1e   0x1fe


*******************************************************************************
*** INIT TABLE
***

          Address     Size
          -------     ----
Zero (__iar_zero_init3)
    1 destination range, total size 0x1fe:
          0x00201820  0x1fe

Copy/packbits (__iar_packbits_init_single3)
    1 source range, total size 0xb (34% of destination):
          0x00100adc    0xb
    1 destination range, total size 0x20:
          0x00200000   0x20



*******************************************************************************
*** MODULE SUMMARY
***

    Module                  ro code  ro data  rw data
    ------                  -------  -------  -------
C:\IAR_projects\IAR_AI\Lmarena\Debug\Obj: [1]
    main.o                      996        8      534
    mcp4726.o                   484        3        8
    startup.o                   288
    -------------------------------------------------
    Total:                    1 768       11      542

command line: [2]
    -------------------------------------------------
    Total:

dl4t_tln.a: [3]
    exit.o                       10
    low_level_init.o              4
    -------------------------------------------------
    Total:                       14

rt4t_al.a: [4]
    I32DivMod.o                 420
    IntDivZer.o                   4
    cexit.o                      16
    cmain.o                      44
    data_init.o                  50
    packbits_init_single.o       64
    vectortrap.o                  4
    zero_init3.o                 60
    -------------------------------------------------
    Total:                      662

shs_l.a: [5]
    exit.o                       32
    xreturnswi.o                  4
    -------------------------------------------------
    Total:                       36

    Linker created               72       32    6 144
-----------------------------------------------------
    Grand Total:              2 552       43    6 686


*******************************************************************************
*** ENTRY LIST
***

Entry                      Address   Size  Type      Object
-----                      -------   ----  ----      ------
.iar.init_table$$Base   0x00100ab4          --   Gb  - Linker created -
.iar.init_table$$Limit  0x00100ad4          --   Gb  - Linker created -
?main                   0x00100998         Code  Gb  cmain.o [4]
Abort_Handler           0x00100ad4         Code  Wk  vectortrap.o [4]
CSTACK$$Base            0x00200820          --   Gb  - Linker created -
CSTACK$$Limit           0x00201820          --   Gb  - Linker created -
FIQ_Handler             0x00100ad4         Code  Wk  vectortrap.o [4]
FIQ_STACK$$Limit        0x00000000          --   Gb  - Linker created -
IRQ_Handler             0x00100424   0x34  Code  Gb  main.o [1]
IRQ_STACK$$Base         0x00200020          --   Gb  - Linker created -
IRQ_STACK$$Limit        0x00200820          --   Gb  - Linker created -
PIT_Handler             0x0010038d   0x8a  Code  Gb  main.o [1]
Prefetch_Handler        0x00100ad4         Code  Wk  vectortrap.o [4]
Region$$Table$$Base     0x00100ab4          --   Gb  - Linker created -
Region$$Table$$Limit    0x00100ad4          --   Gb  - Linker created -
SCL_HIGH                0x001006af   0x2e  Code  Lc  mcp4726.o [1]
SWI_Handler             0x00100ad4         Code  Wk  vectortrap.o [4]
Undefined_Handler       0x00100ad4         Code  Wk  vectortrap.o [4]
__ICFEDIT_region_RAM_end__ {Abs}
                        0x0020ffff         Data  Gb  command line/config [2]
__ICFEDIT_region_RAM_start__ {Abs}
                        0x00200000         Data  Gb  command line/config [2]
__ICFEDIT_region_ROM_end__ {Abs}
                        0x0013ffff         Data  Gb  command line/config [2]
__ICFEDIT_region_ROM_start__ {Abs}
                        0x00100000         Data  Gb  command line/config [2]
__ICFEDIT_size_cstack__ {Abs}
                        0x00001000         Data  Gb  command line/config [2]
__ICFEDIT_size_heap__ {Abs}
                        0x00000000         Data  Gb  command line/config [2]
__ICFEDIT_size_irqstack__ {Abs}
                        0x00000800         Data  Gb  command line/config [2]
__ICFEDIT_size_startup__ {Abs}
                        0x00000100         Data  Gb  command line/config [2]
__ICFEDIT_size_svcstack__ {Abs}
                        0x00000400         Data  Gb  command line/config [2]
__ICFEDIT_size_vectors__ {Abs}
                        0x00000100         Data  Gb  command line/config [2]
__aeabi_idiv0           0x00100880         Code  Gb  IntDivZer.o [4]
__aeabi_uidiv           0x001004e4         Code  Gb  I32DivMod.o [4]
__aeabi_uidivmod        0x001004e4         Code  Gb  I32DivMod.o [4]
__cmain                 0x00100998         Code  Gb  cmain.o [4]
__exit                  0x00100a04   0x20  Code  Gb  exit.o [5]
__iar_data_init3        0x001009c9   0x30  Code  Gb  data_init.o [4]
__iar_enable_interrupt  0x00100870         Code  Gb  main.o [1]
__iar_packbits_init_single3
                        0x00100a39   0x40  Code  Gb  packbits_init_single.o [4]
__iar_program_start     0x00100884         Code  Gb  startup.o [1]
__iar_return_from_swi   0x00100ad8    0x4  Code  Gb  xreturnswi.o [5]
__iar_zero_init3        0x00100a79   0x3c  Code  Gb  zero_init3.o [4]
__low_level_init        0x001009c5    0x4  Code  Gb  low_level_init.o [3]
__vector                0x00100000         Data  Gb  startup.o [1]
_call_main              0x001009ac         Code  Gb  cmain.o [4]
_exit                   0x00100a28         Code  Gb  cexit.o [4]
_main                   0x001009b4         Code  Gb  cmain.o [4]
adc_init                0x0010010d   0x1a  Code  Gb  main.o [1]
adc_read                0x00100127   0x60  Code  Gb  main.o [1]
batch_buffer            0x00201820  0x1f4  Data  Lc  main.o [1]
batch_index             0x00200000    0x1  Data  Lc  main.o [1]
check_timeout           0x00100317   0x1c  Code  Gb  main.o [1]
check_usart_rx          0x001002c5   0x52  Code  Gb  main.o [1]
check_usart_rx::rx_cmd  0x00201a1d    0x1  Data  Lc  main.o [1]
check_usart_rx::rx_state
                        0x00201a1c    0x1  Data  Lc  main.o [1]
exit                    0x001009fb    0xa  Code  Gb  exit.o [3]
g_cmd_ack               0x00200003    0x1  Data  Lc  main.o [1]
g_cmd_ack_counter       0x00200004    0x1  Data  Lc  main.o [1]
g_current_sda_mask      0x00200018    0x4  Data  Lc  mcp4726.o [1]
g_i2c_delay_loops       0x0020001c    0x2  Data  Lc  mcp4726.o [1]
g_initialized           0x0020001f    0x1  Data  Lc  mcp4726.o [1]
g_mcp4726_addr          0x0020001e    0x1  Data  Lc  mcp4726.o [1]
g_sda_masks             0x0010085c   0x10  Data  Lc  mcp4726.o [1]
g_test_sequential_enabled
                        0x00200002    0x1  Data  Gb  main.o [1]
g_tick_counter          0x0020000c    0x4  Data  Gb  main.o [1]
i2c_delay               0x00100689   0x26  Code  Lc  mcp4726.o [1]
i2c_start               0x001006dd   0x26  Code  Lc  mcp4726.o [1]
i2c_stop                0x00100703   0x24  Code  Lc  mcp4726.o [1]
i2c_write_byte          0x00100727   0x54  Code  Lc  mcp4726.o [1]
last_cmd                0x00200001    0x1  Data  Lc  main.o [1]
last_cmd_time           0x00200010    0x4  Data  Lc  main.o [1]
led_state               0x00200014    0x4  Data  Gb  main.o [1]
low_level_init          0x001008d4         Code  Gb  startup.o [1]
main                    0x00100459   0x56  Code  Gb  main.o [1]
mcp4726_init_all        0x00100793   0x34  Code  Gb  mcp4726.o [1]
mcp4726_set_all_zero    0x00100821   0x1e  Code  Gb  mcp4726.o [1]
mcp4726_write_dac_channel
                        0x001007c7   0x5a  Code  Gb  mcp4726.o [1]
process_command         0x00100299   0x2c  Code  Gb  main.o [1]
select_channel          0x0010077d   0x16  Code  Lc  mcp4726.o [1]
send_batch              0x00100207   0x92  Code  Gb  main.o [1]
short_counter           0x00200008    0x4  Data  Gb  main.o [1]
test_dac_sequential_channels
                        0x0010033d   0x40  Code  Gb  main.o [1]
test_dac_sequential_channels::current_channel
                        0x00201a14    0x1  Data  Lc  main.o [1]
test_dac_sequential_channels::dac_value
                        0x00201a16    0x2  Data  Lc  main.o [1]
test_dac_sequential_channels::last_update
                        0x00201a18    0x4  Data  Lc  main.o [1]
usart0_init             0x00100187   0x30  Code  Gb  main.o [1]
usart1_init             0x001001b7   0x30  Code  Gb  main.o [1]
usart1_putc             0x001001fb    0x2  Code  Gb  main.o [1]


[1] = C:\IAR_projects\IAR_AI\Lmarena\Debug\Obj
[2] = command line
[3] = dl4t_tln.a
[4] = rt4t_al.a
[5] = shs_l.a

  2 552 bytes of readonly  code memory
     43 bytes of readonly  data memory
  6 686 bytes of readwrite data memory

Errors: none
Warnings: none
