###############################################################################
#
# IAR ELF Linker V7.70.1.11437/W32 for ARM                01/Nov/2025  13:43:12
# Copyright 2007-2016 IAR Systems AB.
#
#    Output file  =  C:\IAR_projects\IAR_AI\Lmarena\Debug\Exe\LM_gemini_gpt.out
#    Map file     =  
#        C:\IAR_projects\IAR_AI\Lmarena\Debug\List\LM_gemini_gpt.map
#    Command line =  
#        C:\IAR_projects\IAR_AI\Lmarena\Debug\Obj\main.o
#        C:\IAR_projects\IAR_AI\Lmarena\Debug\Obj\mcp4726.o
#        C:\IAR_projects\IAR_AI\Lmarena\Debug\Obj\startup.o -o
#        C:\IAR_projects\IAR_AI\Lmarena\Debug\Exe\LM_gemini_gpt.out --redirect
#        _Printf=_PrintfFull --redirect _Scanf=_ScanfFull --map
#        C:\IAR_projects\IAR_AI\Lmarena\Debug\List\LM_gemini_gpt.map --config
#        C:\IAR_projects\IAR_AI\Lmarena\flash.icf --semihosting --entry
#        __iar_program_start --vfe
#
###############################################################################

*******************************************************************************
*** RUNTIME MODEL ATTRIBUTES
***

CppFlavor       = *
__SystemLibrary = DLib


*******************************************************************************
*** PLACEMENT SUMMARY
***

"A0":  place at 0x00100000 { section .intvec };
"P2":  place in [from 0x00100100 to 0x0013ffff] { ro };
"P3":  place in [from 0x00200000 to 0x0020ffff] {
          rw, block IRQ_STACK, block SVC_STACK, block CSTACK, block HEAP };
initialize by copy { rw };

  Section            Kind        Address    Size  Object
  -------            ----        -------    ----  ------
"A0":                                       0x3c
  .intvec            ro code  0x00100000    0x3c  startup.o [1]
                            - 0x0010003c    0x3c

"P2":                                      0x91c
  Veneer             ro code  0x00100100     0xc  - Linker created -
  .text              ro code  0x0010010c   0x354  main.o [1]
  Veneer             ro code  0x00100460     0x4  - Linker created -
  .text              ro code  0x00100464   0x1a4  I32DivMod.o [4]
  .text              ro code  0x00100608   0x1e4  mcp4726.o [1]
  Veneer             ro code  0x001007ec     0x4  - Linker created -
  .text              ro code  0x001007f0    0x10  main.o [1]
  .text              ro code  0x00100800     0x4  IntDivZer.o [4]
  .text              ro code  0x00100804    0xe4  startup.o [1]
  Veneer             ro code  0x001008e8     0xc  - Linker created -
  Veneer             ro code  0x001008f4     0xc  - Linker created -
  Veneer             ro code  0x00100900     0xc  - Linker created -
  Veneer             ro code  0x0010090c     0xc  - Linker created -
  .text              ro code  0x00100918    0x2c  cmain.o [4]
  .text              ro code  0x00100944     0x4  low_level_init.o [3]
  .text              ro code  0x00100948    0x32  data_init.o [4]
  .text              ro code  0x0010097a     0xa  exit.o [3]
  .text              ro code  0x00100984    0x20  exit.o [5]
  Veneer             ro code  0x001009a4     0x4  - Linker created -
  .text              ro code  0x001009a8    0x10  cexit.o [4]
  .text              ro code  0x001009b8    0x40  packbits_init_single.o [4]
  .iar.init_table    const    0x001009f8    0x10  - Linker created -
  .text              ro code  0x00100a08     0x4  vectortrap.o [4]
  .text              ro code  0x00100a0c     0x4  xreturnswi.o [5]
  .rodata            const    0x00100a10     0x0  packbits_init_single.o [4]
  Initializer bytes  const    0x00100a10     0xc  <for P3-1>
                            - 0x00100a1c   0x91c

"P3", part 1 of 2:                          0x2d
  P3-1                        0x00200000    0x2d  <Init block>
    .data            inited   0x00200000     0x4  mcp4726.o [1]
    .bss             inited   0x00200004    0x10  main.o [1]
    .bss             inited   0x00200014     0xc  main.o [1]
    .bss             inited   0x00200020     0x8  main.o [1]
    .data            inited   0x00200028     0x2  mcp4726.o [1]
    .data            inited   0x0020002a     0x2  mcp4726.o [1]
    .bss             inited   0x0020002c     0x1  main.o [1]
                            - 0x0020002d    0x2d

"P3", part 2 of 2:                        0x1800
  IRQ_STACK                   0x00200030   0x800  <Block>
    IRQ_STACK        uninit   0x00200030   0x800  <Block tail>
  CSTACK                      0x00200830  0x1000  <Block>
    CSTACK           uninit   0x00200830  0x1000  <Block tail>
                            - 0x00201830  0x1800


*******************************************************************************
*** INIT TABLE
***

          Address     Size
          -------     ----
Copy/packbits (__iar_packbits_init_single3)
    1 source range, total size 0xc (26% of destination):
          0x00100a10   0xc
    1 destination range, total size 0x2d:
          0x00200000  0x2d



*******************************************************************************
*** MODULE SUMMARY
***

    Module                  ro code  ro data  rw data
    ------                  -------  -------  -------
C:\IAR_projects\IAR_AI\Lmarena\Debug\Obj: [1]
    main.o                      868       10       37
    mcp4726.o                   484        2        8
    startup.o                   288
    -------------------------------------------------
    Total:                    1 640       12       45

command line: [2]
    -------------------------------------------------
    Total:

dl4t_tln.a: [3]
    exit.o                       10
    low_level_init.o              4
    -------------------------------------------------
    Total:                       14

rt4t_al.a: [4]
    I32DivMod.o                 420
    IntDivZer.o                   4
    cexit.o                      16
    cmain.o                      44
    data_init.o                  50
    packbits_init_single.o       64
    vectortrap.o                  4
    -------------------------------------------------
    Total:                      602

shs_l.a: [5]
    exit.o                       32
    xreturnswi.o                  4
    -------------------------------------------------
    Total:                       36

    Linker created               72       16    6 144
-----------------------------------------------------
    Grand Total:              2 364       28    6 189


*******************************************************************************
*** ENTRY LIST
***

Entry                      Address  Size  Type      Object
-----                      -------  ----  ----      ------
.iar.init_table$$Base   0x001009f8         --   Gb  - Linker created -
.iar.init_table$$Limit  0x00100a08         --   Gb  - Linker created -
?main                   0x00100918        Code  Gb  cmain.o [4]
Abort_Handler           0x00100a08        Code  Wk  vectortrap.o [4]
CSTACK$$Base            0x00200830         --   Gb  - Linker created -
CSTACK$$Limit           0x00201830         --   Gb  - Linker created -
FIQ_Handler             0x00100a08        Code  Wk  vectortrap.o [4]
FIQ_STACK$$Limit        0x00000000         --   Gb  - Linker created -
IRQ_Handler             0x001003a0  0x34  Code  Gb  main.o [1]
IRQ_STACK$$Base         0x00200030         --   Gb  - Linker created -
IRQ_STACK$$Limit        0x00200830         --   Gb  - Linker created -
PIT_Handler             0x001002eb  0xa8  Code  Gb  main.o [1]
PIT_Handler::adc_divider
                        0x00200004   0x2  Data  Lc  main.o [1]
Prefetch_Handler        0x00100a08        Code  Wk  vectortrap.o [4]
Region$$Table$$Base     0x001009f8         --   Gb  - Linker created -
Region$$Table$$Limit    0x00100a08         --   Gb  - Linker created -
SCL_HIGH                0x0010062f  0x2e  Code  Lc  mcp4726.o [1]
SWI_Handler             0x00100a08        Code  Wk  vectortrap.o [4]
Undefined_Handler       0x00100a08        Code  Wk  vectortrap.o [4]
__ICFEDIT_region_RAM_end__ {Abs}
                        0x0020ffff        Data  Gb  command line/config [2]
__ICFEDIT_region_RAM_start__ {Abs}
                        0x00200000        Data  Gb  command line/config [2]
__ICFEDIT_region_ROM_end__ {Abs}
                        0x0013ffff        Data  Gb  command line/config [2]
__ICFEDIT_region_ROM_start__ {Abs}
                        0x00100000        Data  Gb  command line/config [2]
__ICFEDIT_size_cstack__ {Abs}
                        0x00001000        Data  Gb  command line/config [2]
__ICFEDIT_size_heap__ {Abs}
                        0x00000000        Data  Gb  command line/config [2]
__ICFEDIT_size_irqstack__ {Abs}
                        0x00000800        Data  Gb  command line/config [2]
__ICFEDIT_size_startup__ {Abs}
                        0x00000100        Data  Gb  command line/config [2]
__ICFEDIT_size_svcstack__ {Abs}
                        0x00000400        Data  Gb  command line/config [2]
__ICFEDIT_size_vectors__ {Abs}
                        0x00000100        Data  Gb  command line/config [2]
__aeabi_idiv0           0x00100800        Code  Gb  IntDivZer.o [4]
__aeabi_uidiv           0x00100464        Code  Gb  I32DivMod.o [4]
__aeabi_uidivmod        0x00100464        Code  Gb  I32DivMod.o [4]
__cmain                 0x00100918        Code  Gb  cmain.o [4]
__exit                  0x00100984  0x20  Code  Gb  exit.o [5]
__iar_data_init3        0x00100949  0x30  Code  Gb  data_init.o [4]
__iar_enable_interrupt  0x001007f0        Code  Gb  main.o [1]
__iar_packbits_init_single3
                        0x001009b9  0x40  Code  Gb  packbits_init_single.o [4]
__iar_program_start     0x00100804        Code  Gb  startup.o [1]
__iar_return_from_swi   0x00100a0c   0x4  Code  Gb  xreturnswi.o [5]
__low_level_init        0x00100945   0x4  Code  Gb  low_level_init.o [3]
__vector                0x00100000        Data  Gb  startup.o [1]
_call_main              0x0010092c        Code  Gb  cmain.o [4]
_exit                   0x001009a8        Code  Gb  cexit.o [4]
_main                   0x00100934        Code  Gb  cmain.o [4]
adc_init                0x0010010d  0x1a  Code  Gb  main.o [1]
adc_read                0x00100127  0x60  Code  Gb  main.o [1]
check_timeout           0x0010028b  0x1c  Code  Gb  main.o [1]
check_usart_rx          0x00100227  0x64  Code  Gb  main.o [1]
exit                    0x0010097b   0xa  Code  Gb  exit.o [3]
g_current_sda_mask      0x00200000   0x4  Data  Lc  mcp4726.o [1]
g_i2c_delay_loops       0x00200028   0x2  Data  Lc  mcp4726.o [1]
g_initialized           0x0020002b   0x1  Data  Lc  mcp4726.o [1]
g_mcp4726_addr          0x0020002a   0x1  Data  Lc  mcp4726.o [1]
g_sda_masks             0x001007dc  0x10  Data  Lc  mcp4726.o [1]
g_test_sequential_enabled
                        0x0020002c   0x1  Data  Gb  main.o [1]
g_tick_counter          0x0020000c   0x4  Data  Gb  main.o [1]
i2c_delay               0x00100609  0x26  Code  Lc  mcp4726.o [1]
i2c_start               0x0010065d  0x26  Code  Lc  mcp4726.o [1]
i2c_stop                0x00100683  0x24  Code  Lc  mcp4726.o [1]
i2c_write_byte          0x001006a7  0x54  Code  Lc  mcp4726.o [1]
led_state               0x00200010   0x4  Data  Gb  main.o [1]
low_level_init          0x00100854        Code  Gb  startup.o [1]
main                    0x001003d5  0x4e  Code  Gb  main.o [1]
mcp4726_init_all        0x00100713  0x34  Code  Gb  mcp4726.o [1]
mcp4726_set_all_zero    0x001007a1  0x1e  Code  Gb  mcp4726.o [1]
mcp4726_write_dac_channel
                        0x00100747  0x5a  Code  Gb  mcp4726.o [1]
process_command         0x001001d5  0x52  Code  Gb  main.o [1]
rx_cmd_buffer           0x00200018   0x8  Data  Lc  main.o [1]
rx_cmd_index            0x00200014   0x1  Data  Lc  main.o [1]
select_channel          0x001006fd  0x16  Code  Lc  mcp4726.o [1]
short_counter           0x00200008   0x4  Data  Gb  main.o [1]
test_dac_sequential_channels
                        0x001002a7  0x44  Code  Gb  main.o [1]
test_dac_sequential_channels::current_channel
                        0x00200020   0x1  Data  Lc  main.o [1]
test_dac_sequential_channels::dac_value
                        0x00200022   0x2  Data  Lc  main.o [1]
test_dac_sequential_channels::last_update
                        0x00200024   0x4  Data  Lc  main.o [1]
usart0_init             0x00100187  0x42  Code  Gb  main.o [1]
usart0_putc             0x001001c9   0xc  Code  Gb  main.o [1]


[1] = C:\IAR_projects\IAR_AI\Lmarena\Debug\Obj
[2] = command line
[3] = dl4t_tln.a
[4] = rt4t_al.a
[5] = shs_l.a

  2 364 bytes of readonly  code memory
     28 bytes of readonly  data memory
  6 189 bytes of readwrite data memory

Errors: none
Warnings: none
